15:48:34 **** Incremental Build of configuration Debug for project Lab11 ****
make -j20 all 
arm-none-eabi-gcc "../Drivers/STM32F4xx_HAL_Driver/Src/stm32f4xx_hal_tim.c" -mcpu=cortex-m4 -std=gnu11 -g3 -DDEBUG -DUSE_HAL_DRIVER -DSTM32F407xx -c -I../USB_HOST/App -I../USB_HOST/Target -I../Core/Inc -I../Drivers/STM32F4xx_HAL_Driver/Inc -I../Drivers/STM32F4xx_HAL_Driver/Inc/Legacy -I../Middlewares/ST/STM32_USB_Host_Library/Core/Inc -I../Middlewares/ST/STM32_USB_Host_Library/Class/CDC/Inc -I../Drivers/CMSIS/Device/ST/STM32F4xx/Include -I../Drivers/CMSIS/Include -O0 -ffunction-sections -fdata-sections -Wall -fstack-usage -fcyclomatic-complexity -MMD -MP -MF"Drivers/STM32F4xx_HAL_Driver/Src/stm32f4xx_hal_tim.d" -MT"Drivers/STM32F4xx_HAL_Driver/Src/stm32f4xx_hal_tim.o" --specs=nano.specs -mfpu=fpv4-sp-d16 -mfloat-abi=hard -mthumb -o "Drivers/STM32F4xx_HAL_Driver/Src/stm32f4xx_hal_tim.o"
arm-none-eabi-gcc "../Core/Src/main.c" -mcpu=cortex-m4 -std=gnu11 -g3 -DDEBUG -DUSE_HAL_DRIVER -DSTM32F407xx -c -I../USB_HOST/App -I../USB_HOST/Target -I../Core/Inc -I../Drivers/STM32F4xx_HAL_Driver/Inc -I../Drivers/STM32F4xx_HAL_Driver/Inc/Legacy -I../Middlewares/ST/STM32_USB_Host_Library/Core/Inc -I../Middlewares/ST/STM32_USB_Host_Library/Class/CDC/Inc -I../Drivers/CMSIS/Device/ST/STM32F4xx/Include -I../Drivers/CMSIS/Include -O0 -ffunction-sections -fdata-sections -Wall -fstack-usage -fcyclomatic-complexity -MMD -MP -MF"Core/Src/main.d" -MT"Core/Src/main.o" --specs=nano.specs -mfpu=fpv4-sp-d16 -mfloat-abi=hard -mthumb -o "Core/Src/main.o"
../Core/Src/main.c: In function 'main':
../Core/Src/main.c:214:4: warning: implicit declaration of function 'Seven_Segment' [-Wimplicit-function-declaration]
  214 |    Seven_Segment(CRC_Tx);     // Display CRC for sent message
      |    ^~~~~~~~~~~~~
../Core/Src/main.c:218:8: warning: implicit declaration of function 'Seven_Segment_Digit' [-Wimplicit-function-declaration]
  218 |        Seven_Segment_Digit(i,SPACE,0);
      |        ^~~~~~~~~~~~~~~~~~~
../Core/Src/main.c:188:10: warning: unused variable 'j' [-Wunused-variable]
  188 |    int i,j;
      |          ^
arm-none-eabi-gcc -o "Lab11.elf" @"objects.list"   -mcpu=cortex-m4 -T"/home/BRADLEEBORGHOLTH/STM32CubeIDE/workspace_1.12.1/Lab11/STM32F407VGTX_FLASH.ld" --specs=nosys.specs -Wl,-Map="Lab11.map" -Wl,--gc-sections -static --specs=nano.specs -mfpu=fpv4-sp-d16 -mfloat-abi=hard -mthumb -Wl,--start-group -lc -lm -Wl,--end-group
Finished building target: Lab11.elf
 
arm-none-eabi-size   Lab11.elf 
arm-none-eabi-objdump -h -S  Lab11.elf  > "Lab11.list"
   text	   data	    bss	    dec	    hex	filename
  16308	    116	   4468	  20892	   519c	Lab11.elf
Finished building: default.size.stdout
 
Finished building: Lab11.list
 

15:48:35 Build Finished. 0 errors, 3 warnings. (took 473ms)

