16:02:53 **** Incremental Build of configuration Debug for project lab10 ****
make -j20 all 
arm-none-eabi-gcc "../Core/Src/main.c" -mcpu=cortex-m4 -std=gnu11 -g3 -DDEBUG -DUSE_HAL_DRIVER -DSTM32F407xx -c -I../USB_HOST/App -I../USB_HOST/Target -I../Core/Inc -I../Drivers/STM32F4xx_HAL_Driver/Inc -I../Drivers/STM32F4xx_HAL_Driver/Inc/Legacy -I../Middlewares/ST/STM32_USB_Host_Library/Core/Inc -I../Middlewares/ST/STM32_USB_Host_Library/Class/CDC/Inc -I../Drivers/CMSIS/Device/ST/STM32F4xx/Include -I../Drivers/CMSIS/Include -O0 -ffunction-sections -fdata-sections -Wall -fstack-usage -fcyclomatic-complexity -MMD -MP -MF"Core/Src/main.d" -MT"Core/Src/main.o" --specs=nano.specs -mfpu=fpv4-sp-d16 -mfloat-abi=hard -mthumb -o "Core/Src/main.o"
../Core/Src/main.c: In function 'main':
../Core/Src/main.c:144:31: warning: unused variable 'cycle' [-Wunused-variable]
  144 |   int analog_value, switches, cycle = 1;
      |                               ^~~~~
../Core/Src/main.c:144:21: warning: unused variable 'switches' [-Wunused-variable]
  144 |   int analog_value, switches, cycle = 1;
      |                     ^~~~~~~~
arm-none-eabi-gcc -o "lab10.elf" @"objects.list"   -mcpu=cortex-m4 -T"/home/BRADLEEBORGHOLTH/STM32CubeIDE/workspace_1.12.1/lab10/STM32F407VGTX_FLASH.ld" --specs=nosys.specs -Wl,-Map="lab10.map" -Wl,--gc-sections -static --specs=nano.specs -mfpu=fpv4-sp-d16 -mfloat-abi=hard -mthumb -Wl,--start-group -lc -lm -Wl,--end-group
Finished building target: lab10.elf
 
arm-none-eabi-size   lab10.elf 
arm-none-eabi-objdump -h -S  lab10.elf  > "lab10.list"
   text	   data	    bss	    dec	    hex	filename
  15308	     24	   2416	  17748	   4554	lab10.elf
Finished building: default.size.stdout
 
Finished building: lab10.list
 

16:02:53 Build Finished. 0 errors, 2 warnings. (took 317ms)

